ARM GAS  /tmp/ccq7WXlw.s 			page 1


   1              		.cpu cortex-m4
   2              		.arch armv7e-m
   3              		.fpu fpv4-sp-d16
   4              		.eabi_attribute 27, 1
   5              		.eabi_attribute 28, 1
   6              		.eabi_attribute 20, 1
   7              		.eabi_attribute 21, 1
   8              		.eabi_attribute 23, 3
   9              		.eabi_attribute 24, 1
  10              		.eabi_attribute 25, 1
  11              		.eabi_attribute 26, 1
  12              		.eabi_attribute 30, 6
  13              		.eabi_attribute 34, 1
  14              		.eabi_attribute 18, 4
  15              		.file	"system_stm32f4xx.c"
  16              		.text
  17              	.Ltext0:
  18              		.cfi_sections	.debug_frame
  19              		.file 1 "src/system_stm32f4xx.c"
  20              		.global	SystemCoreClock
  21              		.section	.data.SystemCoreClock,"aw"
  22              		.align	2
  25              	SystemCoreClock:
  26 0000 0024F400 		.word	16000000
  27              		.global	AHBPrescTable
  28              		.section	.rodata.AHBPrescTable,"a"
  29              		.align	2
  32              	AHBPrescTable:
  33 0000 00000000 		.ascii	"\000\000\000\000\000\000\000\000\001\002\003\004\006"
  33      00000000 
  33      01020304 
  33      06
  34 000d 070809   		.ascii	"\007\010\011"
  35              		.global	APBPrescTable
  36              		.section	.rodata.APBPrescTable,"a"
  37              		.align	2
  40              	APBPrescTable:
  41 0000 00000000 		.ascii	"\000\000\000\000\001\002\003\004"
  41      01020304 
  42              		.section	.text.SystemInit,"ax",%progbits
  43              		.align	1
  44              		.global	SystemInit
  45              		.syntax unified
  46              		.thumb
  47              		.thumb_func
  49              	SystemInit:
  50              	.LFB179:
   1:src/system_stm32f4xx.c **** /**
   2:src/system_stm32f4xx.c ****   ******************************************************************************
   3:src/system_stm32f4xx.c ****   * @file    system_stm32f4xx.c
   4:src/system_stm32f4xx.c ****   * @author  MCD Application Team
   5:src/system_stm32f4xx.c ****   * @brief   CMSIS Cortex-M4 Device Peripheral Access Layer System Source File.
   6:src/system_stm32f4xx.c ****   *
   7:src/system_stm32f4xx.c ****   *   This file provides two functions and one global variable to be called from 
   8:src/system_stm32f4xx.c ****   *   user application:
   9:src/system_stm32f4xx.c ****   *      - SystemInit(): This function is called at startup just after reset and 
  10:src/system_stm32f4xx.c ****   *                      before branch to main program. This call is made inside
ARM GAS  /tmp/ccq7WXlw.s 			page 2


  11:src/system_stm32f4xx.c ****   *                      the "startup_stm32f4xx.s" file.
  12:src/system_stm32f4xx.c ****   *
  13:src/system_stm32f4xx.c ****   *      - SystemCoreClock variable: Contains the core clock (HCLK), it can be used
  14:src/system_stm32f4xx.c ****   *                                  by the user application to setup the SysTick 
  15:src/system_stm32f4xx.c ****   *                                  timer or configure other parameters.
  16:src/system_stm32f4xx.c ****   *                                     
  17:src/system_stm32f4xx.c ****   *      - SystemCoreClockUpdate(): Updates the variable SystemCoreClock and must
  18:src/system_stm32f4xx.c ****   *                                 be called whenever the core clock is changed
  19:src/system_stm32f4xx.c ****   *                                 during program execution.
  20:src/system_stm32f4xx.c ****   *
  21:src/system_stm32f4xx.c ****   *
  22:src/system_stm32f4xx.c ****   ******************************************************************************
  23:src/system_stm32f4xx.c ****   * @attention
  24:src/system_stm32f4xx.c ****   *
  25:src/system_stm32f4xx.c ****   * Copyright (c) 2017 STMicroelectronics.
  26:src/system_stm32f4xx.c ****   * All rights reserved.
  27:src/system_stm32f4xx.c ****   *
  28:src/system_stm32f4xx.c ****   * This software is licensed under terms that can be found in the LICENSE file
  29:src/system_stm32f4xx.c ****   * in the root directory of this software component.
  30:src/system_stm32f4xx.c ****   * If no LICENSE file comes with this software, it is provided AS-IS.
  31:src/system_stm32f4xx.c ****   *
  32:src/system_stm32f4xx.c ****   ******************************************************************************
  33:src/system_stm32f4xx.c ****   */
  34:src/system_stm32f4xx.c **** 
  35:src/system_stm32f4xx.c **** /** @addtogroup CMSIS
  36:src/system_stm32f4xx.c ****   * @{
  37:src/system_stm32f4xx.c ****   */
  38:src/system_stm32f4xx.c **** 
  39:src/system_stm32f4xx.c **** /** @addtogroup stm32f4xx_system
  40:src/system_stm32f4xx.c ****   * @{
  41:src/system_stm32f4xx.c ****   */  
  42:src/system_stm32f4xx.c ****   
  43:src/system_stm32f4xx.c **** /** @addtogroup STM32F4xx_System_Private_Includes
  44:src/system_stm32f4xx.c ****   * @{
  45:src/system_stm32f4xx.c ****   */
  46:src/system_stm32f4xx.c **** 
  47:src/system_stm32f4xx.c **** 
  48:src/system_stm32f4xx.c **** #include <stm32f4xx.h>
  49:src/system_stm32f4xx.c **** 
  50:src/system_stm32f4xx.c **** #if !defined  (HSE_VALUE) 
  51:src/system_stm32f4xx.c ****   #define HSE_VALUE    ((uint32_t)25000000) /*!< Default value of the External oscillator in Hz */
  52:src/system_stm32f4xx.c **** #endif /* HSE_VALUE */
  53:src/system_stm32f4xx.c **** 
  54:src/system_stm32f4xx.c **** #if !defined  (HSI_VALUE)
  55:src/system_stm32f4xx.c ****   #define HSI_VALUE    ((uint32_t)16000000) /*!< Value of the Internal oscillator in Hz*/
  56:src/system_stm32f4xx.c **** #endif /* HSI_VALUE */
  57:src/system_stm32f4xx.c **** 
  58:src/system_stm32f4xx.c **** /**
  59:src/system_stm32f4xx.c ****   * @}
  60:src/system_stm32f4xx.c ****   */
  61:src/system_stm32f4xx.c **** 
  62:src/system_stm32f4xx.c **** /** @addtogroup STM32F4xx_System_Private_TypesDefinitions
  63:src/system_stm32f4xx.c ****   * @{
  64:src/system_stm32f4xx.c ****   */
  65:src/system_stm32f4xx.c **** 
  66:src/system_stm32f4xx.c **** /**
  67:src/system_stm32f4xx.c ****   * @}
ARM GAS  /tmp/ccq7WXlw.s 			page 3


  68:src/system_stm32f4xx.c ****   */
  69:src/system_stm32f4xx.c **** 
  70:src/system_stm32f4xx.c **** /** @addtogroup STM32F4xx_System_Private_Defines
  71:src/system_stm32f4xx.c ****   * @{
  72:src/system_stm32f4xx.c ****   */
  73:src/system_stm32f4xx.c **** 
  74:src/system_stm32f4xx.c **** /************************* Miscellaneous Configuration ************************/
  75:src/system_stm32f4xx.c **** /*!< Uncomment the following line if you need to use external SRAM or SDRAM as data memory  */
  76:src/system_stm32f4xx.c **** #if defined(STM32F405xx) || defined(STM32F415xx) || defined(STM32F407xx) || defined(STM32F417xx)\
  77:src/system_stm32f4xx.c ****  || defined(STM32F427xx) || defined(STM32F437xx) || defined(STM32F429xx) || defined(STM32F439xx)\
  78:src/system_stm32f4xx.c ****  || defined(STM32F469xx) || defined(STM32F479xx) || defined(STM32F412Zx) || defined(STM32F412Vx)
  79:src/system_stm32f4xx.c **** /* #define DATA_IN_ExtSRAM */
  80:src/system_stm32f4xx.c **** #endif /* STM32F40xxx || STM32F41xxx || STM32F42xxx || STM32F43xxx || STM32F469xx || STM32F479xx ||
  81:src/system_stm32f4xx.c ****           STM32F412Zx || STM32F412Vx */
  82:src/system_stm32f4xx.c ****  
  83:src/system_stm32f4xx.c **** #if defined(STM32F427xx) || defined(STM32F437xx) || defined(STM32F429xx) || defined(STM32F439xx)\
  84:src/system_stm32f4xx.c ****  || defined(STM32F446xx) || defined(STM32F469xx) || defined(STM32F479xx)
  85:src/system_stm32f4xx.c **** /* #define DATA_IN_ExtSDRAM */
  86:src/system_stm32f4xx.c **** #endif /* STM32F427xx || STM32F437xx || STM32F429xx || STM32F439xx || STM32F446xx || STM32F469xx ||
  87:src/system_stm32f4xx.c ****           STM32F479xx */
  88:src/system_stm32f4xx.c **** 
  89:src/system_stm32f4xx.c **** /* Note: Following vector table addresses must be defined in line with linker
  90:src/system_stm32f4xx.c ****          configuration. */
  91:src/system_stm32f4xx.c **** /*!< Uncomment the following line if you need to relocate the vector table
  92:src/system_stm32f4xx.c ****      anywhere in Flash or Sram, else the vector table is kept at the automatic
  93:src/system_stm32f4xx.c ****      remap of boot address selected */
  94:src/system_stm32f4xx.c **** /* #define USER_VECT_TAB_ADDRESS */
  95:src/system_stm32f4xx.c **** 
  96:src/system_stm32f4xx.c **** #if defined(USER_VECT_TAB_ADDRESS)
  97:src/system_stm32f4xx.c **** /*!< Uncomment the following line if you need to relocate your vector Table
  98:src/system_stm32f4xx.c ****      in Sram else user remap will be done in Flash. */
  99:src/system_stm32f4xx.c **** /* #define VECT_TAB_SRAM */
 100:src/system_stm32f4xx.c **** #if defined(VECT_TAB_SRAM)
 101:src/system_stm32f4xx.c **** #define VECT_TAB_BASE_ADDRESS   SRAM_BASE       /*!< Vector Table base address field.
 102:src/system_stm32f4xx.c ****                                                      This value must be a multiple of 0x200. */
 103:src/system_stm32f4xx.c **** #else
 104:src/system_stm32f4xx.c **** #define VECT_TAB_BASE_ADDRESS   FLASH_BASE      /*!< Vector Table base address field.
 105:src/system_stm32f4xx.c ****                                                      This value must be a multiple of 0x200. */
 106:src/system_stm32f4xx.c **** #endif /* VECT_TAB_SRAM */
 107:src/system_stm32f4xx.c **** #if !defined(VECT_TAB_OFFSET)
 108:src/system_stm32f4xx.c **** #define VECT_TAB_OFFSET         0x00000000U     /*!< Vector Table offset field.
 109:src/system_stm32f4xx.c ****                                                      This value must be a multiple of 0x200. */
 110:src/system_stm32f4xx.c **** #endif /* VECT_TAB_OFFSET */
 111:src/system_stm32f4xx.c **** #endif /* USER_VECT_TAB_ADDRESS */
 112:src/system_stm32f4xx.c **** /******************************************************************************/
 113:src/system_stm32f4xx.c **** 
 114:src/system_stm32f4xx.c **** /**
 115:src/system_stm32f4xx.c ****   * @}
 116:src/system_stm32f4xx.c ****   */
 117:src/system_stm32f4xx.c **** 
 118:src/system_stm32f4xx.c **** /** @addtogroup STM32F4xx_System_Private_Macros
 119:src/system_stm32f4xx.c ****   * @{
 120:src/system_stm32f4xx.c ****   */
 121:src/system_stm32f4xx.c **** 
 122:src/system_stm32f4xx.c **** /**
 123:src/system_stm32f4xx.c ****   * @}
 124:src/system_stm32f4xx.c ****   */
ARM GAS  /tmp/ccq7WXlw.s 			page 4


 125:src/system_stm32f4xx.c **** 
 126:src/system_stm32f4xx.c **** /** @addtogroup STM32F4xx_System_Private_Variables
 127:src/system_stm32f4xx.c ****   * @{
 128:src/system_stm32f4xx.c ****   */
 129:src/system_stm32f4xx.c ****   /* This variable is updated in three ways:
 130:src/system_stm32f4xx.c ****       1) by calling CMSIS function SystemCoreClockUpdate()
 131:src/system_stm32f4xx.c ****       2) by calling HAL API function HAL_RCC_GetHCLKFreq()
 132:src/system_stm32f4xx.c ****       3) each time HAL_RCC_ClockConfig() is called to configure the system clock frequency 
 133:src/system_stm32f4xx.c ****          Note: If you use this function to configure the system clock; then there
 134:src/system_stm32f4xx.c ****                is no need to call the 2 first functions listed above, since SystemCoreClock
 135:src/system_stm32f4xx.c ****                variable is updated automatically.
 136:src/system_stm32f4xx.c ****   */
 137:src/system_stm32f4xx.c **** uint32_t SystemCoreClock = 16000000;
 138:src/system_stm32f4xx.c **** const uint8_t AHBPrescTable[16] = {0, 0, 0, 0, 0, 0, 0, 0, 1, 2, 3, 4, 6, 7, 8, 9};
 139:src/system_stm32f4xx.c **** const uint8_t APBPrescTable[8]  = {0, 0, 0, 0, 1, 2, 3, 4};
 140:src/system_stm32f4xx.c **** /**
 141:src/system_stm32f4xx.c ****   * @}
 142:src/system_stm32f4xx.c ****   */
 143:src/system_stm32f4xx.c **** 
 144:src/system_stm32f4xx.c **** /** @addtogroup STM32F4xx_System_Private_FunctionPrototypes
 145:src/system_stm32f4xx.c ****   * @{
 146:src/system_stm32f4xx.c ****   */
 147:src/system_stm32f4xx.c **** 
 148:src/system_stm32f4xx.c **** #if defined (DATA_IN_ExtSRAM) || defined (DATA_IN_ExtSDRAM)
 149:src/system_stm32f4xx.c ****   static void SystemInit_ExtMemCtl(void); 
 150:src/system_stm32f4xx.c **** #endif /* DATA_IN_ExtSRAM || DATA_IN_ExtSDRAM */
 151:src/system_stm32f4xx.c **** 
 152:src/system_stm32f4xx.c **** /**
 153:src/system_stm32f4xx.c ****   * @}
 154:src/system_stm32f4xx.c ****   */
 155:src/system_stm32f4xx.c **** 
 156:src/system_stm32f4xx.c **** /** @addtogroup STM32F4xx_System_Private_Functions
 157:src/system_stm32f4xx.c ****   * @{
 158:src/system_stm32f4xx.c ****   */
 159:src/system_stm32f4xx.c **** 
 160:src/system_stm32f4xx.c **** /**
 161:src/system_stm32f4xx.c ****   * @brief  Setup the microcontroller system
 162:src/system_stm32f4xx.c ****   *         Initialize the FPU setting, vector table location and External memory 
 163:src/system_stm32f4xx.c ****   *         configuration.
 164:src/system_stm32f4xx.c ****   * @param  None
 165:src/system_stm32f4xx.c ****   * @retval None
 166:src/system_stm32f4xx.c ****   */
 167:src/system_stm32f4xx.c **** void SystemInit(void)
 168:src/system_stm32f4xx.c **** {
  51              		.loc 1 168 1
  52              		.cfi_startproc
  53              		@ args = 0, pretend = 0, frame = 0
  54              		@ frame_needed = 1, uses_anonymous_args = 0
  55              		@ link register save eliminated.
  56 0000 80B4     		push	{r7}
  57              	.LCFI0:
  58              		.cfi_def_cfa_offset 4
  59              		.cfi_offset 7, -4
  60 0002 00AF     		add	r7, sp, #0
  61              	.LCFI1:
  62              		.cfi_def_cfa_register 7
 169:src/system_stm32f4xx.c ****   /* FPU settings ------------------------------------------------------------*/
ARM GAS  /tmp/ccq7WXlw.s 			page 5


 170:src/system_stm32f4xx.c ****   #if (__FPU_PRESENT == 1) && (__FPU_USED == 1)
 171:src/system_stm32f4xx.c ****     SCB->CPACR |= ((3UL << 10*2)|(3UL << 11*2));  /* set CP10 and CP11 Full Access */
  63              		.loc 1 171 8
  64 0004 064B     		ldr	r3, .L2
  65 0006 D3F88830 		ldr	r3, [r3, #136]
  66 000a 054A     		ldr	r2, .L2
  67              		.loc 1 171 16
  68 000c 43F47003 		orr	r3, r3, #15728640
  69 0010 C2F88830 		str	r3, [r2, #136]
 172:src/system_stm32f4xx.c ****   #endif
 173:src/system_stm32f4xx.c **** 
 174:src/system_stm32f4xx.c **** #if defined (DATA_IN_ExtSRAM) || defined (DATA_IN_ExtSDRAM)
 175:src/system_stm32f4xx.c ****   SystemInit_ExtMemCtl(); 
 176:src/system_stm32f4xx.c **** #endif /* DATA_IN_ExtSRAM || DATA_IN_ExtSDRAM */
 177:src/system_stm32f4xx.c **** 
 178:src/system_stm32f4xx.c ****   /* Configure the Vector Table location -------------------------------------*/
 179:src/system_stm32f4xx.c **** #if defined(USER_VECT_TAB_ADDRESS)
 180:src/system_stm32f4xx.c ****   SCB->VTOR = VECT_TAB_BASE_ADDRESS | VECT_TAB_OFFSET; /* Vector Table Relocation in Internal SRAM 
 181:src/system_stm32f4xx.c **** #endif /* USER_VECT_TAB_ADDRESS */
 182:src/system_stm32f4xx.c **** }
  70              		.loc 1 182 1
  71 0014 00BF     		nop
  72 0016 BD46     		mov	sp, r7
  73              	.LCFI2:
  74              		.cfi_def_cfa_register 13
  75              		@ sp needed
  76 0018 5DF8047B 		ldr	r7, [sp], #4
  77              	.LCFI3:
  78              		.cfi_restore 7
  79              		.cfi_def_cfa_offset 0
  80 001c 7047     		bx	lr
  81              	.L3:
  82 001e 00BF     		.align	2
  83              	.L2:
  84 0020 00ED00E0 		.word	-536810240
  85              		.cfi_endproc
  86              	.LFE179:
  88              		.section	.text.SystemCoreClockUpdate,"ax",%progbits
  89              		.align	1
  90              		.global	SystemCoreClockUpdate
  91              		.syntax unified
  92              		.thumb
  93              		.thumb_func
  95              	SystemCoreClockUpdate:
  96              	.LFB180:
 183:src/system_stm32f4xx.c **** 
 184:src/system_stm32f4xx.c **** /**
 185:src/system_stm32f4xx.c ****    * @brief  Update SystemCoreClock variable according to Clock Register Values.
 186:src/system_stm32f4xx.c ****   *         The SystemCoreClock variable contains the core clock (HCLK), it can
 187:src/system_stm32f4xx.c ****   *         be used by the user application to setup the SysTick timer or configure
 188:src/system_stm32f4xx.c ****   *         other parameters.
 189:src/system_stm32f4xx.c ****   *           
 190:src/system_stm32f4xx.c ****   * @note   Each time the core clock (HCLK) changes, this function must be called
 191:src/system_stm32f4xx.c ****   *         to update SystemCoreClock variable value. Otherwise, any configuration
 192:src/system_stm32f4xx.c ****   *         based on this variable will be incorrect.         
 193:src/system_stm32f4xx.c ****   *     
 194:src/system_stm32f4xx.c ****   * @note   - The system frequency computed by this function is not the real 
ARM GAS  /tmp/ccq7WXlw.s 			page 6


 195:src/system_stm32f4xx.c ****   *           frequency in the chip. It is calculated based on the predefined 
 196:src/system_stm32f4xx.c ****   *           constant and the selected clock source:
 197:src/system_stm32f4xx.c ****   *             
 198:src/system_stm32f4xx.c ****   *           - If SYSCLK source is HSI, SystemCoreClock will contain the HSI_VALUE(*)
 199:src/system_stm32f4xx.c ****   *                                              
 200:src/system_stm32f4xx.c ****   *           - If SYSCLK source is HSE, SystemCoreClock will contain the HSE_VALUE(**)
 201:src/system_stm32f4xx.c ****   *                          
 202:src/system_stm32f4xx.c ****   *           - If SYSCLK source is PLL, SystemCoreClock will contain the HSE_VALUE(**) 
 203:src/system_stm32f4xx.c ****   *             or HSI_VALUE(*) multiplied/divided by the PLL factors.
 204:src/system_stm32f4xx.c ****   *         
 205:src/system_stm32f4xx.c ****   *         (*) HSI_VALUE is a constant defined in stm32f4xx_hal_conf.h file (default value
 206:src/system_stm32f4xx.c ****   *             16 MHz) but the real value may vary depending on the variations
 207:src/system_stm32f4xx.c ****   *             in voltage and temperature.   
 208:src/system_stm32f4xx.c ****   *    
 209:src/system_stm32f4xx.c ****   *         (**) HSE_VALUE is a constant defined in stm32f4xx_hal_conf.h file (its value
 210:src/system_stm32f4xx.c ****   *              depends on the application requirements), user has to ensure that HSE_VALUE
 211:src/system_stm32f4xx.c ****   *              is same as the real frequency of the crystal used. Otherwise, this function
 212:src/system_stm32f4xx.c ****   *              may have wrong result.
 213:src/system_stm32f4xx.c ****   *                
 214:src/system_stm32f4xx.c ****   *         - The result of this function could be not correct when using fractional
 215:src/system_stm32f4xx.c ****   *           value for HSE crystal.
 216:src/system_stm32f4xx.c ****   *     
 217:src/system_stm32f4xx.c ****   * @param  None
 218:src/system_stm32f4xx.c ****   * @retval None
 219:src/system_stm32f4xx.c ****   */
 220:src/system_stm32f4xx.c **** void SystemCoreClockUpdate(void)
 221:src/system_stm32f4xx.c **** {
  97              		.loc 1 221 1
  98              		.cfi_startproc
  99              		@ args = 0, pretend = 0, frame = 24
 100              		@ frame_needed = 1, uses_anonymous_args = 0
 101              		@ link register save eliminated.
 102 0000 80B4     		push	{r7}
 103              	.LCFI4:
 104              		.cfi_def_cfa_offset 4
 105              		.cfi_offset 7, -4
 106 0002 87B0     		sub	sp, sp, #28
 107              	.LCFI5:
 108              		.cfi_def_cfa_offset 32
 109 0004 00AF     		add	r7, sp, #0
 110              	.LCFI6:
 111              		.cfi_def_cfa_register 7
 222:src/system_stm32f4xx.c ****   uint32_t tmp, pllvco, pllp, pllsource, pllm;
 223:src/system_stm32f4xx.c ****   
 224:src/system_stm32f4xx.c ****   /* Get SYSCLK source -------------------------------------------------------*/
 225:src/system_stm32f4xx.c ****   tmp = RCC->CFGR & RCC_CFGR_SWS;
 112              		.loc 1 225 12
 113 0006 344B     		ldr	r3, .L12
 114 0008 9B68     		ldr	r3, [r3, #8]
 115              		.loc 1 225 7
 116 000a 03F00C03 		and	r3, r3, #12
 117 000e 3B61     		str	r3, [r7, #16]
 226:src/system_stm32f4xx.c **** 
 227:src/system_stm32f4xx.c ****   switch (tmp)
 118              		.loc 1 227 3
 119 0010 3B69     		ldr	r3, [r7, #16]
 120 0012 082B     		cmp	r3, #8
ARM GAS  /tmp/ccq7WXlw.s 			page 7


 121 0014 11D0     		beq	.L5
 122 0016 3B69     		ldr	r3, [r7, #16]
 123 0018 082B     		cmp	r3, #8
 124 001a 44D8     		bhi	.L6
 125 001c 3B69     		ldr	r3, [r7, #16]
 126 001e 002B     		cmp	r3, #0
 127 0020 03D0     		beq	.L7
 128 0022 3B69     		ldr	r3, [r7, #16]
 129 0024 042B     		cmp	r3, #4
 130 0026 04D0     		beq	.L8
 131 0028 3DE0     		b	.L6
 132              	.L7:
 228:src/system_stm32f4xx.c ****   {
 229:src/system_stm32f4xx.c ****     case 0x00:  /* HSI used as system clock source */
 230:src/system_stm32f4xx.c ****       SystemCoreClock = HSI_VALUE;
 133              		.loc 1 230 23
 134 002a 2C4B     		ldr	r3, .L12+4
 135 002c 2C4A     		ldr	r2, .L12+8
 136 002e 1A60     		str	r2, [r3]
 231:src/system_stm32f4xx.c ****       break;
 137              		.loc 1 231 7
 138 0030 3DE0     		b	.L9
 139              	.L8:
 232:src/system_stm32f4xx.c ****     case 0x04:  /* HSE used as system clock source */
 233:src/system_stm32f4xx.c ****       SystemCoreClock = HSE_VALUE;
 140              		.loc 1 233 23
 141 0032 2A4B     		ldr	r3, .L12+4
 142 0034 2B4A     		ldr	r2, .L12+12
 143 0036 1A60     		str	r2, [r3]
 234:src/system_stm32f4xx.c ****       break;
 144              		.loc 1 234 7
 145 0038 39E0     		b	.L9
 146              	.L5:
 235:src/system_stm32f4xx.c ****     case 0x08:  /* PLL used as system clock source */
 236:src/system_stm32f4xx.c **** 
 237:src/system_stm32f4xx.c ****       /* PLL_VCO = (HSE_VALUE or HSI_VALUE / PLL_M) * PLL_N
 238:src/system_stm32f4xx.c ****          SYSCLK = PLL_VCO / PLL_P
 239:src/system_stm32f4xx.c ****          */    
 240:src/system_stm32f4xx.c ****       pllsource = (RCC->PLLCFGR & RCC_PLLCFGR_PLLSRC) >> 22;
 147              		.loc 1 240 23
 148 003a 274B     		ldr	r3, .L12
 149 003c 5B68     		ldr	r3, [r3, #4]
 150              		.loc 1 240 55
 151 003e 9B0D     		lsrs	r3, r3, #22
 152              		.loc 1 240 17
 153 0040 03F00103 		and	r3, r3, #1
 154 0044 FB60     		str	r3, [r7, #12]
 241:src/system_stm32f4xx.c ****       pllm = RCC->PLLCFGR & RCC_PLLCFGR_PLLM;
 155              		.loc 1 241 17
 156 0046 244B     		ldr	r3, .L12
 157 0048 5B68     		ldr	r3, [r3, #4]
 158              		.loc 1 241 12
 159 004a 03F03F03 		and	r3, r3, #63
 160 004e BB60     		str	r3, [r7, #8]
 242:src/system_stm32f4xx.c ****       
 243:src/system_stm32f4xx.c ****       if (pllsource != 0)
 161              		.loc 1 243 10
ARM GAS  /tmp/ccq7WXlw.s 			page 8


 162 0050 FB68     		ldr	r3, [r7, #12]
 163 0052 002B     		cmp	r3, #0
 164 0054 0CD0     		beq	.L10
 244:src/system_stm32f4xx.c ****       {
 245:src/system_stm32f4xx.c ****         /* HSE used as PLL clock source */
 246:src/system_stm32f4xx.c ****         pllvco = (HSE_VALUE / pllm) * ((RCC->PLLCFGR & RCC_PLLCFGR_PLLN) >> 6);
 165              		.loc 1 246 29
 166 0056 234A     		ldr	r2, .L12+12
 167 0058 BB68     		ldr	r3, [r7, #8]
 168 005a B2FBF3F3 		udiv	r3, r2, r3
 169              		.loc 1 246 44
 170 005e 1E4A     		ldr	r2, .L12
 171 0060 5268     		ldr	r2, [r2, #4]
 172              		.loc 1 246 74
 173 0062 9209     		lsrs	r2, r2, #6
 174 0064 C2F30802 		ubfx	r2, r2, #0, #9
 175              		.loc 1 246 16
 176 0068 02FB03F3 		mul	r3, r2, r3
 177 006c 7B61     		str	r3, [r7, #20]
 178 006e 0BE0     		b	.L11
 179              	.L10:
 247:src/system_stm32f4xx.c ****       }
 248:src/system_stm32f4xx.c ****       else
 249:src/system_stm32f4xx.c ****       {
 250:src/system_stm32f4xx.c ****         /* HSI used as PLL clock source */
 251:src/system_stm32f4xx.c ****         pllvco = (HSI_VALUE / pllm) * ((RCC->PLLCFGR & RCC_PLLCFGR_PLLN) >> 6);
 180              		.loc 1 251 29
 181 0070 1B4A     		ldr	r2, .L12+8
 182 0072 BB68     		ldr	r3, [r7, #8]
 183 0074 B2FBF3F3 		udiv	r3, r2, r3
 184              		.loc 1 251 44
 185 0078 174A     		ldr	r2, .L12
 186 007a 5268     		ldr	r2, [r2, #4]
 187              		.loc 1 251 74
 188 007c 9209     		lsrs	r2, r2, #6
 189 007e C2F30802 		ubfx	r2, r2, #0, #9
 190              		.loc 1 251 16
 191 0082 02FB03F3 		mul	r3, r2, r3
 192 0086 7B61     		str	r3, [r7, #20]
 193              	.L11:
 252:src/system_stm32f4xx.c ****       }
 253:src/system_stm32f4xx.c **** 
 254:src/system_stm32f4xx.c ****       pllp = (((RCC->PLLCFGR & RCC_PLLCFGR_PLLP) >>16) + 1 ) *2;
 194              		.loc 1 254 20
 195 0088 134B     		ldr	r3, .L12
 196 008a 5B68     		ldr	r3, [r3, #4]
 197              		.loc 1 254 50
 198 008c 1B0C     		lsrs	r3, r3, #16
 199 008e 03F00303 		and	r3, r3, #3
 200              		.loc 1 254 56
 201 0092 0133     		adds	r3, r3, #1
 202              		.loc 1 254 12
 203 0094 5B00     		lsls	r3, r3, #1
 204 0096 7B60     		str	r3, [r7, #4]
 255:src/system_stm32f4xx.c ****       SystemCoreClock = pllvco/pllp;
 205              		.loc 1 255 31
 206 0098 7A69     		ldr	r2, [r7, #20]
ARM GAS  /tmp/ccq7WXlw.s 			page 9


 207 009a 7B68     		ldr	r3, [r7, #4]
 208 009c B2FBF3F3 		udiv	r3, r2, r3
 209              		.loc 1 255 23
 210 00a0 0E4A     		ldr	r2, .L12+4
 211 00a2 1360     		str	r3, [r2]
 256:src/system_stm32f4xx.c ****       break;
 212              		.loc 1 256 7
 213 00a4 03E0     		b	.L9
 214              	.L6:
 257:src/system_stm32f4xx.c ****     default:
 258:src/system_stm32f4xx.c ****       SystemCoreClock = HSI_VALUE;
 215              		.loc 1 258 23
 216 00a6 0D4B     		ldr	r3, .L12+4
 217 00a8 0D4A     		ldr	r2, .L12+8
 218 00aa 1A60     		str	r2, [r3]
 259:src/system_stm32f4xx.c ****       break;
 219              		.loc 1 259 7
 220 00ac 00BF     		nop
 221              	.L9:
 260:src/system_stm32f4xx.c ****   }
 261:src/system_stm32f4xx.c ****   /* Compute HCLK frequency --------------------------------------------------*/
 262:src/system_stm32f4xx.c ****   /* Get HCLK prescaler */
 263:src/system_stm32f4xx.c ****   tmp = AHBPrescTable[((RCC->CFGR & RCC_CFGR_HPRE) >> 4)];
 222              		.loc 1 263 28
 223 00ae 0A4B     		ldr	r3, .L12
 224 00b0 9B68     		ldr	r3, [r3, #8]
 225              		.loc 1 263 52
 226 00b2 1B09     		lsrs	r3, r3, #4
 227 00b4 03F00F03 		and	r3, r3, #15
 228              		.loc 1 263 22
 229 00b8 0B4A     		ldr	r2, .L12+16
 230 00ba D35C     		ldrb	r3, [r2, r3]	@ zero_extendqisi2
 231              		.loc 1 263 7
 232 00bc 3B61     		str	r3, [r7, #16]
 264:src/system_stm32f4xx.c ****   /* HCLK frequency */
 265:src/system_stm32f4xx.c ****   SystemCoreClock >>= tmp;
 233              		.loc 1 265 19
 234 00be 074B     		ldr	r3, .L12+4
 235 00c0 1A68     		ldr	r2, [r3]
 236 00c2 3B69     		ldr	r3, [r7, #16]
 237 00c4 22FA03F3 		lsr	r3, r2, r3
 238 00c8 044A     		ldr	r2, .L12+4
 239 00ca 1360     		str	r3, [r2]
 266:src/system_stm32f4xx.c **** }
 240              		.loc 1 266 1
 241 00cc 00BF     		nop
 242 00ce 1C37     		adds	r7, r7, #28
 243              	.LCFI7:
 244              		.cfi_def_cfa_offset 4
 245 00d0 BD46     		mov	sp, r7
 246              	.LCFI8:
 247              		.cfi_def_cfa_register 13
 248              		@ sp needed
 249 00d2 5DF8047B 		ldr	r7, [sp], #4
 250              	.LCFI9:
 251              		.cfi_restore 7
 252              		.cfi_def_cfa_offset 0
ARM GAS  /tmp/ccq7WXlw.s 			page 10


 253 00d6 7047     		bx	lr
 254              	.L13:
 255              		.align	2
 256              	.L12:
 257 00d8 00380240 		.word	1073887232
 258 00dc 00000000 		.word	SystemCoreClock
 259 00e0 0024F400 		.word	16000000
 260 00e4 40787D01 		.word	25000000
 261 00e8 00000000 		.word	AHBPrescTable
 262              		.cfi_endproc
 263              	.LFE180:
 265              		.text
 266              	.Letext0:
 267              		.file 2 "/usr/arm-none-eabi/include/machine/_default_types.h"
 268              		.file 3 "/usr/arm-none-eabi/include/sys/_stdint.h"
 269              		.file 4 "../../include/cortex_m4/core_cm4.h"
 270              		.file 5 "../../include/cortex_m4/system_stm32f4xx.h"
 271              		.file 6 "../../include/cortex_m4/stm32f401xe.h"
ARM GAS  /tmp/ccq7WXlw.s 			page 11


DEFINED SYMBOLS
                            *ABS*:00000000 system_stm32f4xx.c
     /tmp/ccq7WXlw.s:25     .data.SystemCoreClock:00000000 SystemCoreClock
     /tmp/ccq7WXlw.s:22     .data.SystemCoreClock:00000000 $d
     /tmp/ccq7WXlw.s:32     .rodata.AHBPrescTable:00000000 AHBPrescTable
     /tmp/ccq7WXlw.s:29     .rodata.AHBPrescTable:00000000 $d
     /tmp/ccq7WXlw.s:40     .rodata.APBPrescTable:00000000 APBPrescTable
     /tmp/ccq7WXlw.s:37     .rodata.APBPrescTable:00000000 $d
     /tmp/ccq7WXlw.s:43     .text.SystemInit:00000000 $t
     /tmp/ccq7WXlw.s:49     .text.SystemInit:00000000 SystemInit
     /tmp/ccq7WXlw.s:84     .text.SystemInit:00000020 $d
     /tmp/ccq7WXlw.s:89     .text.SystemCoreClockUpdate:00000000 $t
     /tmp/ccq7WXlw.s:95     .text.SystemCoreClockUpdate:00000000 SystemCoreClockUpdate
     /tmp/ccq7WXlw.s:257    .text.SystemCoreClockUpdate:000000d8 $d

NO UNDEFINED SYMBOLS
